2026-05-08 17:17:11.679: [INFO] VisibilityChanged: 0
2026-05-08 17:17:11.748: [INFO] RecordSyncInitDuration has_sync_been_enabled: 0 state: 0
2026-05-08 17:17:11.750: [INFO] RecordSyncInitDuration has_sync_been_enabled: 0 state: 0
2026-05-08 17:17:11.752: [INFO] RecordSyncInitDuration has_sync_been_enabled: 0 state: 0
2026-05-08 17:17:11.753: [INFO] RecordSyncInitDuration has_sync_been_enabled: 0 state: 0
2026-05-08 17:17:11.755: [INFO] RecordSyncInitDuration has_sync_been_enabled: 0 state: 0
2026-05-08 17:17:11.756: [INFO] RecordSyncInitDuration has_sync_been_enabled: 0 state: 0
2026-05-08 17:17:11.758: [INFO] RecordSyncInitDuration has_sync_been_enabled: 0 state: 0
2026-05-08 17:17:11.759: [INFO] RecordSyncInitDuration has_sync_been_enabled: 0 state: 0
2026-05-08 17:17:11.761: [INFO] RecordSyncInitDuration has_sync_been_enabled: 0 state: 0
2026-05-08 17:17:11.763: [INFO] RecordSyncInitDuration has_sync_been_enabled: 0 state: 0
2026-05-08 17:17:11.765: [INFO] RecordSyncInitDuration has_sync_been_enabled: 0 state: 0
2026-05-08 17:17:11.767: [INFO] RecordSyncInitDuration has_sync_been_enabled: 0 state: 0
2026-05-08 17:17:11.790: [INFO] BookmarkNodeAdded, ABU: 0
2026-05-08 17:17:11.791: [INFO] BookmarkNodeAdded, ABU: 0
2026-05-08 17:17:11.792: [INFO] BookmarkNodeAdded, ABU: 0
2026-05-08 17:17:11.792: [INFO] BookmarkModelLoaded, ids_reassigned: 0
2026-05-08 17:17:11.792: [INFO] OnDoneLoading sync enabled: 0
2026-05-08 17:17:11.873: [INFO] RecordSyncInitDuration has_sync_been_enabled: 0 state: 0
2026-05-08 17:17:15.595: [INFO] RecordSyncInitDuration has_sync_been_enabled: 0 state: 0
2026-05-08 17:17:15.602: [INFO] RecordSyncInitDuration has_sync_been_enabled: 0 state: 3
2026-05-08 17:17:15.605: [INFO] Primary account changed.
2026-05-08 17:17:15.605: [INFO] OnPrimaryAccountChanged PrimaryAccountChangeEvent::Type::kSet
2026-05-08 17:17:15.611: [INFO] RecordSyncInitDuration has_sync_been_enabled: 0 state: 3
2026-05-08 17:17:22.380: [INFO] BookmarkNodeAdded, ABU: 0
2026-05-08 17:17:23.064: [INFO] Sync initialization duration: 7294ms
2026-05-08 17:22:30.377: [INFO] VisibilityChanged: 0
2026-05-08 17:22:30.468: [INFO] BookmarkNodeAdded, ABU: 0
2026-05-08 17:22:30.469: [INFO] BookmarkNodeAdded, ABU: 0
2026-05-08 17:22:30.470: [INFO] BookmarkNodeAdded, ABU: 0
2026-05-08 17:22:30.470: [INFO] BookmarkModelLoaded, ids_reassigned: 0
2026-05-08 17:22:30.470: [INFO] OnDoneLoading sync enabled: 1
2026-05-08 17:22:42.758: [INFO] Sync initialization duration: 2409ms
