{"logTime": "0508/171720", "correlationVector":"aFPOz1PHwfnD8CN45PX9il.1","action":"SyncServerConnectionManagerRequest", "result":"SYNC_SERVER_OK", "context":{"environment":"Prod_southeastasia_prod-s01-064-apac-southeastasia", "migrationStage":"NotStarted", "server":"akswtt00000000h"}}
{"logTime": "0508/171720", "correlationVector":"aFPOz1PHwfnD8CN45PX9il.2","action":"ProcessGetUpdates", "result":"Done", "context":{"dataType":"Encryption Keys", "deleted":"0", "process_failed_to_decrypt":"0", "process_pending_decryption":"0", "process_success":"1", "total":"1"}}
{"logTime": "0508/171721", "correlationVector":"W+1IQrYAmo0psWALUr5wIN","action":"SyncServerConnectionManagerRequest", "result":"SYNC_SERVER_OK", "context":{"environment":"", "migrationStage":"", "server":""}}
{"logTime": "0508/171721", "correlationVector":"W+1IQrYAmo0psWALUr5wIN.0","action":"EncryptionKeysFetcher.DownloadKeys:", "result":"Success", "context":Key count: 4, Last key timestamp: 2026-03-23T04:05:47Z}
{"logTime": "0508/171721", "correlationVector":"W+1IQrYAmo0psWALUr5wIN.1","action":"EncryptionKeysManager::SetEncryptionKeys:", "result":"Success", "context":Key names[4]:[GXzV5H7nSixobWEAqSBdSk0+BXzxQs59wqSS97oPA3KzDoX1J034T2AYGsJ2U697i8s9d3qmcuX6hx6ZZ/VByQ==][JfSbswuO3ABs12+WBBgJNQvWMKLHmTaCU4d+AboGlNwgsfKOeya39xgeOEDUsap+VqhiLVMkpN5Y6YRkaWmKNA==][3XDiT7uNoIpYWIc2QlctBPXcBXT4IJRh1lkaaRexY8e4Zg+q5wAIsHoV6Y/MPA8JoqZQfSsm8NIn3zjr6CyvJg==][43CdC3xfMXVDM1ZEWqli9a6695C2FKMn3W4wSWkO8ZdtkIquqM2d74OpscSlAyPkaJVG0dDCCBGKrsiB+3N5KA==]}
{"logTime": "0508/171721", "correlationVector":"W+1IQrYAmo0psWALUr5wIN.2","action":"EncryptionKeysManager::SetEncryptionKeysWithTimestamps:", "result":"Success", "context":Key timestamps[4]:[2024-08-30T15:53:06Z][2025-03-05T14:43:58Z][2025-09-05T06:04:23Z][2026-03-23T04:05:47Z]}
{"logTime": "0508/171721", "correlationVector":"aFPOz1PHwfnD8CN45PX9il","action":"Initial GetUpdates", "result":"", "context":Reason: NEW_CLIENT. cV=aFPOz1PHwfnD8CN45PX9il}
{"logTime": "0508/171721", "correlationVector":"aFPOz1PHwfnD8CN45PX9il.3","action":"GetUpdates Response", "result":"Success", "context":Received 1 update(s). cV=aFPOz1PHwfnD8CN45PX9il.0;server=akswtt00000000h;cloudType=Consumer;environment=Prod_southeastasia_prod-s01-064-apac-southeastasia;migrationStage=NotStarted}
{"logTime": "0508/171721", "correlationVector":"1Rf9OiKZSiV0iJ6nkcmFn7","action":"Initial GetUpdates", "result":"", "context":Reason: NEWLY_SUPPORTED_DATATYPE. cV=1Rf9OiKZSiV0iJ6nkcmFn7}
{"logTime": "0508/171721", "correlationVector":"1Rf9OiKZSiV0iJ6nkcmFn7.1","action":"SyncServerConnectionManagerRequest", "result":"SYNC_SERVER_OK", "context":{"environment":"Prod_southeastasia_prod-s01-064-apac-southeastasia", "migrationStage":"NotStarted", "server":"akswtt00000000g"}}
{"logTime": "0508/171721", "correlationVector":"1Rf9OiKZSiV0iJ6nkcmFn7.2","action":"ProcessGetUpdates", "result":"Done", "context":{"dataType":"Preferences", "deleted":"0", "process_failed_to_decrypt":"0", "process_pending_decryption":"0", "process_success":"69", "total":"69"}}
{"logTime": "0508/171721", "correlationVector":"1Rf9OiKZSiV0iJ6nkcmFn7.3","action":"ProcessGetUpdates", "result":"Done", "context":{"dataType":"Passwords", "deleted":"1", "process_failed_to_decrypt":"0", "process_pending_decryption":"0", "process_success":"26", "total":"26"}}
{"logTime": "0508/171721", "correlationVector":"1Rf9OiKZSiV0iJ6nkcmFn7.4","action":"ProcessGetUpdates", "result":"Done", "context":{"dataType":"Device Info", "deleted":"0", "process_failed_to_decrypt":"0", "process_pending_decryption":"0", "process_success":"10", "total":"10"}}
{"logTime": "0508/171721", "correlationVector":"1Rf9OiKZSiV0iJ6nkcmFn7.5","action":"GetUpdates Response", "result":"Success", "context":Received 105 update(s). cV=1Rf9OiKZSiV0iJ6nkcmFn7.0;server=akswtt00000000g;cloudType=Consumer;environment=Prod_southeastasia_prod-s01-064-apac-southeastasia;migrationStage=NotStarted}
{"logTime": "0508/171721", "correlationVector":"em5ZQEqlnWSlDka7pWrL3S","action":"Initial GetUpdates", "result":"", "context":Reason: NEWLY_SUPPORTED_DATATYPE. cV=em5ZQEqlnWSlDka7pWrL3S}
{"logTime": "0508/171722", "correlationVector":"em5ZQEqlnWSlDka7pWrL3S.1","action":"SyncServerConnectionManagerRequest", "result":"SYNC_SERVER_OK", "context":{"environment":"Prod_southeastasia_prod-s01-064-apac-southeastasia", "migrationStage":"NotStarted", "server":"akswtt00000000k"}}
{"logTime": "0508/171722", "correlationVector":"em5ZQEqlnWSlDka7pWrL3S.2","action":"ProcessGetUpdates", "result":"Done", "context":{"dataType":"Bookmarks", "deleted":"0", "process_failed_to_decrypt":"0", "process_pending_decryption":"0", "process_success":"7", "total":"7"}}
{"logTime": "0508/171722", "correlationVector":"em5ZQEqlnWSlDka7pWrL3S.3","action":"GetUpdates Response", "result":"Success", "context":Received 7 update(s). cV=em5ZQEqlnWSlDka7pWrL3S.0;server=akswtt00000000k;cloudType=Consumer;environment=Prod_southeastasia_prod-s01-064-apac-southeastasia;migrationStage=NotStarted}
{"logTime": "0508/171722", "correlationVector":"/YYSlJ0SVmGuAlykAbvHls","action":"Initial GetUpdates", "result":"", "context":Reason: NEWLY_SUPPORTED_DATATYPE. cV=/YYSlJ0SVmGuAlykAbvHls}
{"logTime": "0508/171723", "correlationVector":"/YYSlJ0SVmGuAlykAbvHls.1","action":"SyncServerConnectionManagerRequest", "result":"SYNC_SERVER_OK", "context":{"environment":"Prod_southeastasia_prod-s01-064-apac-southeastasia", "migrationStage":"NotStarted", "server":"akswtt000000011"}}
{"logTime": "0508/171723", "correlationVector":"/YYSlJ0SVmGuAlykAbvHls.2","action":"ProcessGetUpdates", "result":"Done", "context":{"dataType":"Autofill Profiles", "deleted":"2", "process_failed_to_decrypt":"0", "process_pending_decryption":"0", "process_success":"7", "total":"7"}}
{"logTime": "0508/171723", "correlationVector":"/YYSlJ0SVmGuAlykAbvHls.3","action":"ProcessGetUpdates", "result":"Done", "context":{"dataType":"Autofill", "deleted":"0", "process_failed_to_decrypt":"0", "process_pending_decryption":"0", "process_success":"126", "total":"126"}}
{"logTime": "0508/171723", "correlationVector":"/YYSlJ0SVmGuAlykAbvHls.4","action":"ProcessGetUpdates", "result":"Done", "context":{"dataType":"Extensions", "deleted":"0", "process_failed_to_decrypt":"0", "process_pending_decryption":"0", "process_success":"1", "total":"1"}}
{"logTime": "0508/171723", "correlationVector":"/YYSlJ0SVmGuAlykAbvHls.5","action":"ProcessGetUpdates", "result":"Done", "context":{"dataType":"Sessions", "deleted":"6", "process_failed_to_decrypt":"0", "process_pending_decryption":"0", "process_success":"8", "total":"8"}}
{"logTime": "0508/171723", "correlationVector":"/YYSlJ0SVmGuAlykAbvHls.6","action":"GetUpdates Response", "result":"Success", "context":Received 142 update(s). cV=/YYSlJ0SVmGuAlykAbvHls.0;server=akswtt000000011;cloudType=Consumer;environment=Prod_southeastasia_prod-s01-064-apac-southeastasia;migrationStage=NotStarted}
{"logTime": "0508/171723", "correlationVector":"DgYC/6VTHWCJBF2iybgSjm","action":"Initial GetUpdates", "result":"", "context":Reason: NEWLY_SUPPORTED_DATATYPE. cV=DgYC/6VTHWCJBF2iybgSjm}
{"logTime": "0508/171723", "correlationVector":"DgYC/6VTHWCJBF2iybgSjm.1","action":"SyncServerConnectionManagerRequest", "result":"SYNC_SERVER_OK", "context":{"environment":"Prod_southeastasia_prod-s01-064-apac-southeastasia", "migrationStage":"NotStarted", "server":"akswtt00000000k"}}
{"logTime": "0508/171723", "correlationVector":"DgYC/6VTHWCJBF2iybgSjm.2","action":"ProcessGetUpdates", "result":"Done", "context":{"dataType":"History", "deleted":"0", "process_failed_to_decrypt":"0", "process_pending_decryption":"0", "process_success":"10", "total":"10"}}
{"logTime": "0508/171723", "correlationVector":"DgYC/6VTHWCJBF2iybgSjm.3","action":"GetUpdates Response", "result":"Success", "context":Received 10 update(s). cV=DgYC/6VTHWCJBF2iybgSjm.0;server=akswtt00000000k;cloudType=Consumer;environment=Prod_southeastasia_prod-s01-064-apac-southeastasia;migrationStage=NotStarted}
{"logTime": "0508/171723", "correlationVector":"/Tt+WU5gg7TG7LiWBNFv9u","action":"Normal GetUpdate request", "result":"", "context":cV=/Tt+WU5gg7TG7LiWBNFv9u
Nudged types: Sessions, Device Info, User Consents
Refresh requested types: Bookmarks, Preferences, Passwords, Autofill Profiles, Autofill, Extensions, Sessions, Extension settings, History Delete Directives, Device Info, User Consents, Send Tab To Self, Web Apps, History, Saved Tab Group, WebAuthn Credentials, Collection, Edge E Drop, Edge Hub App Usage, Edge Wallet, Edge Workspace, Encryption Keys}
{"logTime": "0508/171724", "correlationVector":"/Tt+WU5gg7TG7LiWBNFv9u.1","action":"SyncServerConnectionManagerRequest", "result":"SYNC_SERVER_OK", "context":{"environment":"Prod_southeastasia_prod-s01-064-apac-southeastasia", "migrationStage":"NotStarted", "server":"akswtt00000000r"}}
{"logTime": "0508/171724", "correlationVector":"/Tt+WU5gg7TG7LiWBNFv9u.2","action":"GetUpdates Response", "result":"Success", "context":Received 0 update(s). cV=/Tt+WU5gg7TG7LiWBNFv9u.0;server=akswtt00000000r;cloudType=Consumer;environment=Prod_southeastasia_prod-s01-064-apac-southeastasia;migrationStage=NotStarted}
{"logTime": "0508/171724", "correlationVector":"7sLfem7IvfquIvHqYDnU1u","action":"DoCompareDataConsistency requsted types: ", "result":"Bookmarks, Preferences, Passwords, Extensions, Extension settings, History Delete Directives, Send Tab To Self, Web Apps, History, Saved Tab Group, WebAuthn Credentials, Collection, Edge E Drop, Edge Wallet, Edge Workspace, Encryption Keys"}
{"logTime": "0508/171724", "correlationVector":"7sLfem7IvfquIvHqYDnU1u.0","action":"CompareDataConsistency result: ", "result":"Compare result: Encryption Keys is consistent. local entities count is: 1 local entities hash is: JuU9hUurZyn5hB+QcqU6oRGJ+Fo="}
{"logTime": "0508/171724", "correlationVector":"7sLfem7IvfquIvHqYDnU1u.1","action":"CompareDataConsistency result: ", "result":"Compare result: Bookmarks is consistent. local entities count is: 1 local entities hash is: rVKks5LZ5CaCZA3+BrxNg8yhZrI="}
{"logTime": "0508/171724", "correlationVector":"7sLfem7IvfquIvHqYDnU1u.2","action":"CompareDataConsistency result: ", "result":"Compare result: Preferences is consistent. local entities count is: 69 local entities hash is: K/+JIUTtgJE3Hjs0U1obYe/QtxI="}
{"logTime": "0508/171724", "correlationVector":"7sLfem7IvfquIvHqYDnU1u.3","action":"CompareDataConsistency result: ", "result":"Compare result: Extensions is consistent. local entities count is: 1 local entities hash is: Db4DGDWDmLAQq1SnO+xvNp0ITu8="}
{"logTime": "0508/171724", "correlationVector":"7sLfem7IvfquIvHqYDnU1u.4","action":"CompareDataConsistency result: ", "result":"Compare result: Extension settings is consistent. local entities count is: 0 local entities hash is: "}
{"logTime": "0508/171724", "correlationVector":"7sLfem7IvfquIvHqYDnU1u.5","action":"CompareDataConsistency result: ", "result":"Compare result: History Delete Directives is consistent. local entities count is: 0 local entities hash is: "}
{"logTime": "0508/171724", "correlationVector":"7sLfem7IvfquIvHqYDnU1u.6","action":"CompareDataConsistency result: ", "result":"Server did not send this Send Tab To Self local entities count is: 0 local entities hash is: "}
{"logTime": "0508/171724", "correlationVector":"7sLfem7IvfquIvHqYDnU1u.7","action":"CompareDataConsistency result: ", "result":"Compare result: Web Apps is consistent. local entities count is: 0 local entities hash is: "}
{"logTime": "0508/171724", "correlationVector":"7sLfem7IvfquIvHqYDnU1u.8","action":"CompareDataConsistency result: ", "result":"Server did not send this History local entities count is: 0 local entities hash is: "}
{"logTime": "0508/171724", "correlationVector":"7sLfem7IvfquIvHqYDnU1u.9","action":"CompareDataConsistency result: ", "result":"Compare result: Saved Tab Group is consistent. local entities count is: 0 local entities hash is: "}
{"logTime": "0508/171724", "correlationVector":"7sLfem7IvfquIvHqYDnU1u.10","action":"CompareDataConsistency result: ", "result":"Server did not send this WebAuthn Credentials local entities count is: 0 local entities hash is: "}
{"logTime": "0508/171724", "correlationVector":"7sLfem7IvfquIvHqYDnU1u.11","action":"CompareDataConsistency result: ", "result":"Compare result: Collection is consistent. local entities count is: 0 local entities hash is: "}
{"logTime": "0508/171724", "correlationVector":"7sLfem7IvfquIvHqYDnU1u.12","action":"CompareDataConsistency result: ", "result":"Compare result: Edge E Drop is consistent. local entities count is: 0 local entities hash is: "}
{"logTime": "0508/171724", "correlationVector":"7sLfem7IvfquIvHqYDnU1u.13","action":"CompareDataConsistency result: ", "result":"Compare result: Edge Wallet is consistent. local entities count is: 0 local entities hash is: "}
{"logTime": "0508/171724", "correlationVector":"7sLfem7IvfquIvHqYDnU1u.14","action":"CompareDataConsistency result: ", "result":"Server did not send this Edge Workspace local entities count is: 0 local entities hash is: "}
{"logTime": "0508/171724", "correlationVector":"7sLfem7IvfquIvHqYDnU1u.15","action":"CompareDataConsistency result: ", "result":"Compare result: Passwords is consistent. local entities count is: 25 local entities hash is: MD0E4po9J4cgPCdI82SVFQIV2vE="}
{"logTime": "0508/171724", "correlationVector":"CipC6dx4aCIaZmhoASWD5N","action":"Commit Request", "result":"", "context":Item count: 4
Contributing types: Sessions, Device Info, User Consents}
{"logTime": "0508/171726", "correlationVector":"CipC6dx4aCIaZmhoASWD5N.1","action":"SyncServerConnectionManagerRequest", "result":"SYNC_SERVER_OK", "context":{"environment":"Prod_southeastasia_prod-s01-064-apac-southeastasia", "migrationStage":"NotStarted", "server":"akswtt00000000s"}}
{"logTime": "0508/171726", "correlationVector":"CipC6dx4aCIaZmhoASWD5N.2","action":"Commit Response", "result":"Success", "context":Result: Success. cV=CipC6dx4aCIaZmhoASWD5N.0;server=akswtt00000000s;cloudType=Consumer;environment=Prod_southeastasia_prod-s01-064-apac-southeastasia;migrationStage=NotStarted}
{"logTime": "0508/171726", "correlationVector":"","action":"DIAGNOSTIC_REQUEST|v1/diagnosticData/Diagnostic.SendCheckResult()|SUCCESS", "result":""}
{"logTime": "0508/171726", "correlationVector":"/kCjBiQuQ2Uw4bcJlF1YQA","action":"Commit Request", "result":"", "context":Item count: 3
Contributing types: Sessions, History}
{"logTime": "0508/171728", "correlationVector":"/kCjBiQuQ2Uw4bcJlF1YQA.1","action":"SyncServerConnectionManagerRequest", "result":"SYNC_SERVER_OK", "context":{"environment":"Prod_southeastasia_prod-s01-064-apac-southeastasia", "migrationStage":"NotStarted", "server":"akswtt00000000h"}}
{"logTime": "0508/171728", "correlationVector":"/kCjBiQuQ2Uw4bcJlF1YQA.2","action":"Commit Response", "result":"Success", "context":Result: Success. cV=/kCjBiQuQ2Uw4bcJlF1YQA.0;server=akswtt00000000h;cloudType=Consumer;environment=Prod_southeastasia_prod-s01-064-apac-southeastasia;migrationStage=NotStarted}
{"logTime": "0508/171731", "correlationVector":"KRFHcd1uUXPj8+g4o18BXp","action":"Commit Request", "result":"", "context":Item count: 15
Contributing types: Preferences, Passwords}
{"logTime": "0508/171732", "correlationVector":"KRFHcd1uUXPj8+g4o18BXp","action":"SyncServerConnectionManagerRequest", "result":"CONNECTION_UNAVAILABLE", "context":{"error_type":"net_error_code", "error_value":"-3"}}
{"logTime": "0508/172241", "correlationVector":"z6yOpkClCU/b2f7LX8pm4C.1","action":"SyncServerConnectionManagerRequest", "result":"SYNC_SERVER_OK", "context":{"environment":"Prod_southeastasia_prod-s01-065-apac-southeastasia", "migrationStage":"NotStarted", "server":"akswtt00000000u"}}
{"logTime": "0508/172241", "correlationVector":"z6yOpkClCU/b2f7LX8pm4C.2","action":"ProcessGetUpdates", "result":"Done", "context":{"dataType":"Encryption Keys", "deleted":"0", "process_failed_to_decrypt":"0", "process_pending_decryption":"0", "process_success":"1", "total":"1"}}
{"logTime": "0508/172241", "correlationVector":"huMOq6DqgWjCfWDZ8AuXPO","action":"SyncServerConnectionManagerRequest", "result":"SYNC_SERVER_OK", "context":{"environment":"", "migrationStage":"", "server":""}}
{"logTime": "0508/172241", "correlationVector":"huMOq6DqgWjCfWDZ8AuXPO.0","action":"EncryptionKeysFetcher.DownloadKeys:", "result":"Success", "context":Key count: 4, Last key timestamp: 2026-03-23T04:05:47Z}
{"logTime": "0508/172241", "correlationVector":"huMOq6DqgWjCfWDZ8AuXPO.1","action":"EncryptionKeysManager::SetEncryptionKeys:", "result":"Success", "context":Key names[4]:[GXzV5H7nSixobWEAqSBdSk0+BXzxQs59wqSS97oPA3KzDoX1J034T2AYGsJ2U697i8s9d3qmcuX6hx6ZZ/VByQ==][JfSbswuO3ABs12+WBBgJNQvWMKLHmTaCU4d+AboGlNwgsfKOeya39xgeOEDUsap+VqhiLVMkpN5Y6YRkaWmKNA==][3XDiT7uNoIpYWIc2QlctBPXcBXT4IJRh1lkaaRexY8e4Zg+q5wAIsHoV6Y/MPA8JoqZQfSsm8NIn3zjr6CyvJg==][43CdC3xfMXVDM1ZEWqli9a6695C2FKMn3W4wSWkO8ZdtkIquqM2d74OpscSlAyPkaJVG0dDCCBGKrsiB+3N5KA==]}
{"logTime": "0508/172241", "correlationVector":"huMOq6DqgWjCfWDZ8AuXPO.2","action":"EncryptionKeysManager::SetEncryptionKeysWithTimestamps:", "result":"Success", "context":Key timestamps[4]:[2024-08-30T15:53:06Z][2025-03-05T14:43:58Z][2025-09-05T06:04:23Z][2026-03-23T04:05:47Z]}
{"logTime": "0508/172241", "correlationVector":"z6yOpkClCU/b2f7LX8pm4C","action":"Initial GetUpdates", "result":"", "context":Reason: NEW_CLIENT. cV=z6yOpkClCU/b2f7LX8pm4C}
{"logTime": "0508/172241", "correlationVector":"z6yOpkClCU/b2f7LX8pm4C.3","action":"GetUpdates Response", "result":"Success", "context":Received 1 update(s). cV=z6yOpkClCU/b2f7LX8pm4C.0;server=akswtt00000000u;cloudType=Consumer;environment=Prod_southeastasia_prod-s01-065-apac-southeastasia;migrationStage=NotStarted}
{"logTime": "0508/172241", "correlationVector":"TScfw4ayBbb17qyAE3gFI2","action":"Initial GetUpdates", "result":"", "context":Reason: NEWLY_SUPPORTED_DATATYPE. cV=TScfw4ayBbb17qyAE3gFI2}
{"logTime": "0508/172242", "correlationVector":"TScfw4ayBbb17qyAE3gFI2.1","action":"SyncServerConnectionManagerRequest", "result":"SYNC_SERVER_OK", "context":{"environment":"Prod_southeastasia_prod-s01-065-apac-southeastasia", "migrationStage":"NotStarted", "server":"akswtt000000003"}}
{"logTime": "0508/172242", "correlationVector":"TScfw4ayBbb17qyAE3gFI2.2","action":"ProcessGetUpdates", "result":"Done", "context":{"dataType":"Passwords", "deleted":"1", "process_failed_to_decrypt":"0", "process_pending_decryption":"0", "process_success":"26", "total":"26"}}
{"logTime": "0508/172242", "correlationVector":"TScfw4ayBbb17qyAE3gFI2.3","action":"GetUpdates Response", "result":"Success", "context":Received 26 update(s). cV=TScfw4ayBbb17qyAE3gFI2.0;server=akswtt000000003;cloudType=Consumer;environment=Prod_southeastasia_prod-s01-065-apac-southeastasia;migrationStage=NotStarted}
{"logTime": "0508/172242", "correlationVector":"0EgI234H9dN2syT6nMxKwc","action":"Normal GetUpdate request", "result":"", "context":cV=0EgI234H9dN2syT6nMxKwc
Nudged types: Preferences, Sessions, Device Info, History
Refresh requested types: Bookmarks, Preferences, Passwords, Autofill Profiles, Autofill, Extensions, Sessions, Extension settings, History Delete Directives, Device Info, User Consents, Send Tab To Self, Web Apps, History, Saved Tab Group, WebAuthn Credentials, Collection, Edge E Drop, Edge Hub App Usage, Edge Wallet, Edge Workspace, Encryption Keys}
{"logTime": "0508/172243", "correlationVector":"0EgI234H9dN2syT6nMxKwc.1","action":"SyncServerConnectionManagerRequest", "result":"SYNC_SERVER_OK", "context":{"environment":"Prod_southeastasia_prod-s01-065-apac-southeastasia", "migrationStage":"NotStarted", "server":"akswtt00000000h"}}
{"logTime": "0508/172243", "correlationVector":"0EgI234H9dN2syT6nMxKwc.2","action":"ProcessGetUpdates", "result":"Done", "context":{"dataType":"Preferences", "deleted":"0", "process_failed_to_decrypt":"0", "process_pending_decryption":"0", "process_success":"1", "total":"1"}}
{"logTime": "0508/172243", "correlationVector":"0EgI234H9dN2syT6nMxKwc.3","action":"ProcessGetUpdates", "result":"Done", "context":{"dataType":"Sessions", "deleted":"0", "process_failed_to_decrypt":"0", "process_pending_decryption":"0", "process_success":"2", "total":"2"}}
{"logTime": "0508/172243", "correlationVector":"0EgI234H9dN2syT6nMxKwc.4","action":"ProcessGetUpdates", "result":"Done", "context":{"dataType":"Device Info", "deleted":"0", "process_failed_to_decrypt":"0", "process_pending_decryption":"0", "process_success":"1", "total":"1"}}
{"logTime": "0508/172243", "correlationVector":"0EgI234H9dN2syT6nMxKwc.5","action":"ProcessGetUpdates", "result":"Done", "context":{"dataType":"History", "deleted":"0", "process_failed_to_decrypt":"0", "process_pending_decryption":"0", "process_success":"2", "total":"2"}}
{"logTime": "0508/172243", "correlationVector":"0EgI234H9dN2syT6nMxKwc.6","action":"GetUpdates Response", "result":"Success", "context":Received 6 update(s). cV=0EgI234H9dN2syT6nMxKwc.0;server=akswtt00000000h;cloudType=Consumer;environment=Prod_southeastasia_prod-s01-065-apac-southeastasia;migrationStage=NotStarted}
{"logTime": "0508/172243", "correlationVector":"/wMxAX/vvccCpU+TQzq1sx","action":"Commit Request", "result":"", "context":Item count: 6
Contributing types: Autofill Profiles, Sessions, Device Info, History}
{"logTime": "0508/172244", "correlationVector":"/wMxAX/vvccCpU+TQzq1sx.1","action":"SyncServerConnectionManagerRequest", "result":"SYNC_SERVER_OK", "context":{"environment":"Prod_southeastasia_prod-s01-065-apac-southeastasia", "migrationStage":"NotStarted", "server":"akswtt00000000s"}}
{"logTime": "0508/172244", "correlationVector":"/wMxAX/vvccCpU+TQzq1sx.3","action":"Commit.Autofill Profiles", "result":"Success", "context":{"id":"84be7a66-0dc0-4ef7-a6a0-3a07b0ba9163", "isDeleted":"true", "size":"0", "version":"1774238749322"}}
{"logTime": "0508/172244", "correlationVector":"/wMxAX/vvccCpU+TQzq1sx.4","action":"Commit.Sessions", "result":"Success", "context":{"id":"c120b9ca-3340-40b3-ab23-366c397d7813", "isDeleted":"true", "size":"0", "version":"1778289449586"}}
{"logTime": "0508/172244", "correlationVector":"/wMxAX/vvccCpU+TQzq1sx.2","action":"Commit Response", "result":"Success", "context":Result: Success. cV=/wMxAX/vvccCpU+TQzq1sx.0;server=akswtt00000000s;cloudType=Consumer;environment=Prod_southeastasia_prod-s01-065-apac-southeastasia;migrationStage=NotStarted}
{"logTime": "0508/172249", "correlationVector":"OG9WWFFSGqJH9lavKzi7DN","action":"Commit Request", "result":"", "context":Item count: 17
Contributing types: Preferences, Passwords, Sessions, History}
{"logTime": "0508/172252", "correlationVector":"OG9WWFFSGqJH9lavKzi7DN.1","action":"SyncServerConnectionManagerRequest", "result":"SYNC_SERVER_OK", "context":{"environment":"Prod_southeastasia_prod-s01-065-apac-southeastasia", "migrationStage":"NotStarted", "server":"akswtt00000000t"}}
{"logTime": "0508/172252", "correlationVector":"OG9WWFFSGqJH9lavKzi7DN.2","action":"Commit Response", "result":"Success", "context":Result: Success. cV=OG9WWFFSGqJH9lavKzi7DN.0;server=akswtt00000000t;cloudType=Consumer;environment=Prod_southeastasia_prod-s01-065-apac-southeastasia;migrationStage=NotStarted}
{"logTime": "0508/172330", "correlationVector":"AjA0cqMqoj1yCFkQDPhPSA","action":"Commit Request", "result":"", "context":Item count: 17
Contributing types: Passwords}
{"logTime": "0508/172332", "correlationVector":"AjA0cqMqoj1yCFkQDPhPSA.1","action":"SyncServerConnectionManagerRequest", "result":"SYNC_SERVER_OK", "context":{"environment":"Prod_southeastasia_prod-s01-065-apac-southeastasia", "migrationStage":"NotStarted", "server":"akswtt000000008"}}
{"logTime": "0508/172332", "correlationVector":"AjA0cqMqoj1yCFkQDPhPSA.2","action":"Commit Response", "result":"Success", "context":Result: Success. cV=AjA0cqMqoj1yCFkQDPhPSA.0;server=akswtt000000008;cloudType=Consumer;environment=Prod_southeastasia_prod-s01-065-apac-southeastasia;migrationStage=NotStarted}
