2026-05-08 17:17:11.471: [INFO][Sync] Reset engine, reason: 8
2026-05-08 17:17:11.471: [INFO][Sync] Stopped: Bookmarks
2026-05-08 17:17:11.471: [INFO][Sync] Stopped: Preferences
2026-05-08 17:17:11.471: [INFO][Sync] Stopped: Passwords
2026-05-08 17:17:11.471: [INFO][Sync] Stopped: Autofill Profiles
2026-05-08 17:17:11.471: [INFO][Sync] Stopped: Autofill
2026-05-08 17:17:11.471: [INFO][Sync] Stopped: Extensions
2026-05-08 17:17:11.471: [INFO][Sync] Stopped: Sessions
2026-05-08 17:17:11.471: [INFO][Sync] Stopped: Extension settings
2026-05-08 17:17:11.471: [INFO][Sync] Stopped: History Delete Directives
2026-05-08 17:17:11.471: [INFO][Sync] Stopped: Device Info
2026-05-08 17:17:11.471: [INFO][Sync] Stopped: User Consents
2026-05-08 17:17:11.471: [INFO][Sync] Stopped: Send Tab To Self
2026-05-08 17:17:11.471: [INFO][Sync] Stopped: Web Apps
2026-05-08 17:17:11.471: [INFO][Sync] Stopped: History
2026-05-08 17:17:11.471: [INFO][Sync] Stopped: Saved Tab Group
2026-05-08 17:17:11.471: [INFO][Sync] Stopped: WebAuthn Credentials
2026-05-08 17:17:11.471: [INFO][Sync] Stopped: Collection
2026-05-08 17:17:11.471: [INFO][Sync] Stopped: Edge E Drop
2026-05-08 17:17:11.471: [INFO][Sync] Stopped: Edge Hub App Usage
2026-05-08 17:17:11.471: [INFO][Sync] Stopped: Edge Wallet
2026-05-08 17:17:11.471: [INFO][Sync] Stopped: Edge Workspace
2026-05-08 17:17:11.472: [INFO][Sync] SyncState after authenticated was: NotSignedIn
2026-05-08 17:17:11.871: [INFO][Sync] Reset engine, reason: 8
2026-05-08 17:17:11.871: [INFO][Sync] Stopped: Bookmarks
2026-05-08 17:17:11.871: [INFO][Sync] Stopped: Preferences
2026-05-08 17:17:11.871: [INFO][Sync] Stopped: Passwords
2026-05-08 17:17:11.871: [INFO][Sync] Stopped: Autofill Profiles
2026-05-08 17:17:11.871: [INFO][Sync] Stopped: Autofill
2026-05-08 17:17:11.871: [INFO][Sync] Stopped: Extensions
2026-05-08 17:17:11.871: [INFO][Sync] Stopped: Sessions
2026-05-08 17:17:11.871: [INFO][Sync] Stopped: Extension settings
2026-05-08 17:17:11.871: [INFO][Sync] Stopped: History Delete Directives
2026-05-08 17:17:11.871: [INFO][Sync] Stopped: Device Info
2026-05-08 17:17:11.871: [INFO][Sync] Stopped: User Consents
2026-05-08 17:17:11.871: [INFO][Sync] Stopped: Send Tab To Self
2026-05-08 17:17:11.871: [INFO][Sync] Stopped: Web Apps
2026-05-08 17:17:11.871: [INFO][Sync] Stopped: History
2026-05-08 17:17:11.871: [INFO][Sync] Stopped: Saved Tab Group
2026-05-08 17:17:11.871: [INFO][Sync] Stopped: WebAuthn Credentials
2026-05-08 17:17:11.871: [INFO][Sync] Stopped: Collection
2026-05-08 17:17:11.871: [INFO][Sync] Stopped: Edge E Drop
2026-05-08 17:17:11.871: [INFO][Sync] Stopped: Edge Hub App Usage
2026-05-08 17:17:11.871: [INFO][Sync] Stopped: Edge Wallet
2026-05-08 17:17:11.871: [INFO][Sync] Stopped: Edge Workspace
2026-05-08 17:17:15.599: [INFO][Sync] Try to start sync engine
2026-05-08 17:17:15.600: [INFO][SyncManagerImpl::NudgeForInitialDownload] Initial download nudge for Encryption Keys
2026-05-08 17:17:15.600: [INFO][SyncEngineBackend::LoadAndConnectNigoriController] Load and connect Nigori controller
2026-05-08 17:17:15.600: [INFO][SyncEngineBackend::DoInitialize] Control Types added: Encryption Keys
2026-05-08 17:17:15.600: [INFO][SyncManagerImpl::ConfigureSyncer] Types to download: Encryption Keys with reason: 3
2026-05-08 17:17:15.600: [INFO][SyncSchedulerImpl::DoConfigurationSyncCycleJob] Configure job was blocked
2026-05-08 17:17:17.246: [INFO][SyncAuthManager::SetLastAuthError] Current auth error: None
2026-05-08 17:17:17.246: [INFO][SyncAuthManager::EdgeLogTokenErrorState] Token error with: None for account type: MSA
2026-05-08 17:17:17.246: [INFO][Sync] Credentials changed for: EdgeSyncKeyDataScope
2026-05-08 17:17:17.247: [INFO][SyncEngineBackend::DoUpdateKeyDataCredentials] Update key data credentials
2026-05-08 17:17:19.028: [INFO][SyncAuthManager::SetLastAuthError] Current auth error: None
2026-05-08 17:17:19.028: [INFO][SyncAuthManager::EdgeLogTokenErrorState] Token error with: None for account type: MSA
2026-05-08 17:17:19.028: [INFO][Sync] Credentials changed for: EdgeSyncScopeNew
2026-05-08 17:17:19.028: [INFO][SyncEngineBackend::DoUpdateCredentials] Update credentials
2026-05-08 17:17:19.028: [INFO][SyncEngineBackend::DoUpdateKeyDataCredentials] Update key data credentials
2026-05-08 17:17:19.028: [INFO][SyncSchedulerImpl::DoConfigurationSyncCycleJob] Blocked types:  and types to download: Encryption Keys
2026-05-08 17:17:20.103: [INFO][Sync] Started DataTypeManager configuration, reason: 4
2026-05-08 17:17:20.104: [INFO][Sync] Configuring for: Bookmarks, Preferences, Passwords, Autofill Profiles, Autofill, Extensions, Sessions, Extension settings, History Delete Directives, Device Info, User Consents, Send Tab To Self, Web Apps, History, Saved Tab Group, WebAuthn Credentials, Collection, Edge E Drop, Edge Hub App Usage, Edge Wallet, Edge Workspace, Encryption Keys, reason: 3, current state: 0
2026-05-08 17:17:20.104: [WARN][Sync] Crypto error data types: Passwords, Autofill Profiles, Autofill
2026-05-08 17:17:20.106: [INFO][Sync] Configure, desired: Bookmarks, Preferences, Extensions, Sessions, Extension settings, History Delete Directives, Device Info, User Consents, Send Tab To Self, Web Apps, History, Saved Tab Group, WebAuthn Credentials, Collection, Edge E Drop, Edge Hub App Usage, Edge Wallet, Edge Workspace, Encryption Keys; Allow fail: Passwords, Autofill Profiles, Autofill
2026-05-08 17:17:20.106: [INFO][Sync] Loading: Bookmarks
2026-05-08 17:17:20.106: [INFO][Sync] Loading: Preferences
2026-05-08 17:17:20.106: [INFO][Sync] Loading: Extensions
2026-05-08 17:17:20.106: [INFO][Sync] Loading: Sessions
2026-05-08 17:17:20.106: [INFO][Sync] Loading: Extension settings
2026-05-08 17:17:20.106: [INFO][Sync] Loading: History Delete Directives
2026-05-08 17:17:20.106: [INFO][Sync] Loading: Device Info
2026-05-08 17:17:20.106: [INFO][Sync] Loading: User Consents
2026-05-08 17:17:20.106: [INFO][Sync] Loading: Send Tab To Self
2026-05-08 17:17:20.106: [INFO][Sync] Loading: Web Apps
2026-05-08 17:17:20.106: [INFO][Sync] Loading: History
2026-05-08 17:17:20.106: [INFO][Sync] Loading: Saved Tab Group
2026-05-08 17:17:20.106: [INFO][Sync] Loading: WebAuthn Credentials
2026-05-08 17:17:20.106: [INFO][Sync] Loading: Collection
2026-05-08 17:17:20.106: [INFO][Sync] Loading: Edge E Drop
2026-05-08 17:17:20.106: [INFO][Sync] Loading: Edge Hub App Usage
2026-05-08 17:17:20.106: [INFO][Sync] Loading: Edge Wallet
2026-05-08 17:17:20.106: [INFO][Sync] Loading: Edge Workspace
2026-05-08 17:17:20.109: [INFO][Sync] All data types are ready for configure.
2026-05-08 17:17:21.310: [INFO][Sync] Started DataTypeManager configuration, reason: 5
2026-05-08 17:17:21.310: [INFO][Sync] Configuring for: Bookmarks, Preferences, Passwords, Autofill Profiles, Autofill, Extensions, Sessions, Extension settings, History Delete Directives, Device Info, User Consents, Send Tab To Self, Web Apps, History, Saved Tab Group, WebAuthn Credentials, Collection, Edge E Drop, Edge Hub App Usage, Edge Wallet, Edge Workspace, Encryption Keys, reason: 5, current state: 1
2026-05-08 17:17:21.314: [INFO][SyncEngineBackend::DoStartConfiguration] Start configuration
2026-05-08 17:17:21.315: [INFO][SyncManagerImpl::NudgeForInitialDownload] Initial download nudge for Bookmarks
2026-05-08 17:17:21.315: [INFO][SyncManagerImpl::NudgeForInitialDownload] Initial download nudge for Preferences
2026-05-08 17:17:21.315: [INFO][SyncManagerImpl::NudgeForInitialDownload] Initial download nudge for Extensions
2026-05-08 17:17:21.315: [INFO][SyncManagerImpl::NudgeForInitialDownload] Initial download nudge for Sessions
2026-05-08 17:17:21.315: [INFO][SyncManagerImpl::NudgeForInitialDownload] Initial download nudge for Extension settings
2026-05-08 17:17:21.315: [INFO][SyncManagerImpl::NudgeForInitialDownload] Initial download nudge for History Delete Directives
2026-05-08 17:17:21.315: [INFO][SyncManagerImpl::NudgeForInitialDownload] Initial download nudge for Device Info
2026-05-08 17:17:21.315: [INFO][SyncManagerImpl::NudgeForInitialDownload] Initial download nudge for Send Tab To Self
2026-05-08 17:17:21.315: [INFO][SyncManagerImpl::NudgeForInitialDownload] Initial download nudge for Web Apps
2026-05-08 17:17:21.315: [INFO][SyncManagerImpl::NudgeForInitialDownload] Initial download nudge for History
2026-05-08 17:17:21.315: [INFO][SyncManagerImpl::NudgeForInitialDownload] Initial download nudge for Saved Tab Group
2026-05-08 17:17:21.315: [INFO][SyncManagerImpl::NudgeForInitialDownload] Initial download nudge for WebAuthn Credentials
2026-05-08 17:17:21.315: [INFO][SyncManagerImpl::NudgeForInitialDownload] Initial download nudge for Collection
2026-05-08 17:17:21.315: [INFO][SyncManagerImpl::NudgeForInitialDownload] Initial download nudge for Edge E Drop
2026-05-08 17:17:21.315: [INFO][SyncManagerImpl::NudgeForInitialDownload] Initial download nudge for Edge Hub App Usage
2026-05-08 17:17:21.315: [INFO][SyncManagerImpl::NudgeForInitialDownload] Initial download nudge for Edge Wallet
2026-05-08 17:17:21.315: [INFO][SyncManagerImpl::NudgeForInitialDownload] Initial download nudge for Edge Workspace
2026-05-08 17:17:21.315: [INFO][SyncManagerImpl::ConfigureSyncer] Types to download:  with reason: 3
2026-05-08 17:17:21.315: [INFO][SyncEngineBackend::DoFinishConfigureDataTypes] Failed to download types:  and succeeded types: 
2026-05-08 17:17:21.319: [INFO][Sync] ConfigurationDone, failed: , succeeded: , remaining count: 4
2026-05-08 17:17:21.319: [WARN][Sync]     Reconfigure requested while configuration ongoing.
2026-05-08 17:17:21.319: [INFO][Sync] Configuring for: Bookmarks, Preferences, Passwords, Autofill Profiles, Autofill, Extensions, Sessions, Extension settings, History Delete Directives, Device Info, User Consents, Send Tab To Self, Web Apps, History, Saved Tab Group, WebAuthn Credentials, Collection, Edge E Drop, Edge Hub App Usage, Edge Wallet, Edge Workspace, Encryption Keys, reason: 5, current state: 2
2026-05-08 17:17:21.319: [INFO][Sync] Configure, desired: Bookmarks, Preferences, Passwords, Autofill Profiles, Autofill, Extensions, Sessions, Extension settings, History Delete Directives, Device Info, User Consents, Send Tab To Self, Web Apps, History, Saved Tab Group, WebAuthn Credentials, Collection, Edge E Drop, Edge Hub App Usage, Edge Wallet, Edge Workspace, Encryption Keys; Allow fail: 
2026-05-08 17:17:21.319: [INFO][Sync] Loading: Passwords
2026-05-08 17:17:21.319: [INFO][Sync] Loading: Autofill Profiles
2026-05-08 17:17:21.319: [INFO][Sync] Loading: Autofill
2026-05-08 17:17:21.320: [INFO][Sync] All data types are ready for configure.
2026-05-08 17:17:21.320: [INFO][SyncManagerImpl::NudgeForInitialDownload] Initial download nudge for Passwords
2026-05-08 17:17:21.320: [INFO][SyncManagerImpl::NudgeForInitialDownload] Initial download nudge for Autofill Profiles
2026-05-08 17:17:21.320: [INFO][SyncManagerImpl::NudgeForInitialDownload] Initial download nudge for Autofill
2026-05-08 17:17:21.320: [INFO][SyncManagerImpl::ConfigureSyncer] Types to download:  with reason: 5
2026-05-08 17:17:21.320: [INFO][SyncEngineBackend::DoFinishConfigureDataTypes] Failed to download types:  and succeeded types: 
2026-05-08 17:17:21.320: [INFO][Sync] ConfigurationDone, failed: , succeeded: , remaining count: 4
2026-05-08 17:17:21.320: [INFO][Sync] Prepare to configure types: Preferences, Passwords, Device Info, Send Tab To Self, Edge E Drop, Encryption Keys
2026-05-08 17:17:21.320: [INFO][SyncManagerImpl::ConfigureSyncer] Types to download: Preferences, Passwords, Device Info, Send Tab To Self, Edge E Drop, Encryption Keys with reason: 5
2026-05-08 17:17:21.320: [INFO][SyncSchedulerImpl::DoConfigurationSyncCycleJob] Blocked types:  and types to download: Preferences, Passwords, Device Info, Send Tab To Self, Edge E Drop, Encryption Keys
2026-05-08 17:17:21.791: [INFO][SyncEngineBackend::DoFinishConfigureDataTypes] Failed to download types:  and succeeded types: Preferences, Passwords, Device Info, Send Tab To Self, Edge E Drop, Encryption Keys
2026-05-08 17:17:21.816: [INFO][Sync] ConfigurationDone, failed: , succeeded: Preferences, Passwords, Device Info, Send Tab To Self, Edge E Drop, Encryption Keys, remaining count: 3
2026-05-08 17:17:21.816: [INFO][Sync] Prepare to configure types: Bookmarks, Encryption Keys
2026-05-08 17:17:21.816: [INFO][SyncManagerImpl::ConfigureSyncer] Types to download: Bookmarks, Encryption Keys with reason: 5
2026-05-08 17:17:21.816: [INFO][SyncSchedulerImpl::DoConfigurationSyncCycleJob] Blocked types:  and types to download: Bookmarks, Encryption Keys
2026-05-08 17:17:22.386: [INFO][SyncEngineBackend::DoFinishConfigureDataTypes] Failed to download types:  and succeeded types: Bookmarks, Encryption Keys
2026-05-08 17:17:22.397: [INFO][Sync] ConfigurationDone, failed: , succeeded: Bookmarks, Encryption Keys, remaining count: 2
2026-05-08 17:17:22.397: [INFO][Sync] Prepare to configure types: Autofill Profiles, Autofill, Extensions, Sessions, Extension settings, History Delete Directives, Web Apps, Saved Tab Group, WebAuthn Credentials, Collection, Edge Hub App Usage, Edge Wallet, Edge Workspace, Encryption Keys
2026-05-08 17:17:22.397: [INFO][SyncManagerImpl::ConfigureSyncer] Types to download: Autofill Profiles, Autofill, Extensions, Sessions, Extension settings, History Delete Directives, Web Apps, Saved Tab Group, WebAuthn Credentials, Collection, Edge Hub App Usage, Edge Wallet, Edge Workspace, Encryption Keys with reason: 5
2026-05-08 17:17:22.397: [INFO][SyncSchedulerImpl::DoConfigurationSyncCycleJob] Blocked types:  and types to download: Autofill Profiles, Autofill, Extensions, Sessions, Extension settings, History Delete Directives, Web Apps, Saved Tab Group, WebAuthn Credentials, Collection, Edge Hub App Usage, Edge Wallet, Edge Workspace, Encryption Keys
2026-05-08 17:17:23.059: [INFO][SyncEngineBackend::DoFinishConfigureDataTypes] Failed to download types:  and succeeded types: Autofill Profiles, Autofill, Extensions, Sessions, Extension settings, History Delete Directives, Web Apps, Saved Tab Group, WebAuthn Credentials, Collection, Edge Hub App Usage, Edge Wallet, Edge Workspace, Encryption Keys
2026-05-08 17:17:23.062: [INFO][Sync] ConfigurationDone, failed: , succeeded: Autofill Profiles, Autofill, Extensions, Sessions, Extension settings, History Delete Directives, Web Apps, Saved Tab Group, WebAuthn Credentials, Collection, Edge Hub App Usage, Edge Wallet, Edge Workspace, Encryption Keys, remaining count: 1
2026-05-08 17:17:23.064: [INFO][Sync] Prepare to configure types: History, Encryption Keys
2026-05-08 17:17:23.064: [INFO][SyncManagerImpl::ConfigureSyncer] Types to download: History, Encryption Keys with reason: 5
2026-05-08 17:17:23.064: [INFO][SyncSchedulerImpl::DoConfigurationSyncCycleJob] Blocked types:  and types to download: History, Encryption Keys
2026-05-08 17:17:23.755: [INFO][SyncEngineBackend::DoFinishConfigureDataTypes] Failed to download types:  and succeeded types: History, Encryption Keys
2026-05-08 17:17:23.758: [INFO][Sync] ConfigurationDone, failed: , succeeded: History, Encryption Keys, remaining count: 0
2026-05-08 17:17:23.761: [INFO][Sync]     Configuration completed, state: 7
2026-05-08 17:17:23.761: [INFO][Sync] Configured DataTypeManager: Ok
2026-05-08 17:17:23.765: [INFO][SyncEngineBackend::DoStartSyncing] Start syncing
2026-05-08 17:17:32.358: [INFO][Sync] Reset engine, reason: 0
2026-05-08 17:17:32.358: [INFO][Sync] Reset engine with reason: 0
2026-05-08 17:17:32.359: [INFO][SyncSchedulerImpl::OnSyncNetworkError] Syncer error: Network error (ERR_ABORTED)
2026-05-08 17:17:32.359: [INFO][Commit::ReportFullCommitFailure] Commit Preferences, Passwords failed with error: NetworkError
2026-05-08 17:17:32.359: [INFO][SyncSchedulerImpl::DoNudgeSyncCycleJob] Syncer error: Network error (ERR_ABORTED)
2026-05-08 17:22:30.227: [INFO][Sync] SyncState after authenticated was: FeatureCanStart
2026-05-08 17:22:31.602: [INFO][SyncAuthManager::SetLastAuthError] Current auth error: None
2026-05-08 17:22:31.602: [INFO][SyncAuthManager::EdgeLogTokenErrorState] Token error with: None for account type: MSA
2026-05-08 17:22:31.602: [INFO][Sync] Credentials changed for: EdgeSyncKeyDataScope
2026-05-08 17:22:40.269: [INFO][Sync] Try to start sync engine
2026-05-08 17:22:40.339: [INFO][SyncManagerImpl::NudgeForInitialDownload] Initial download nudge for Encryption Keys
2026-05-08 17:22:40.339: [INFO][SyncEngineBackend::LoadAndConnectNigoriController] Load and connect Nigori controller
2026-05-08 17:22:40.339: [INFO][SyncEngineBackend::DoInitialize] Control Types added: Encryption Keys
2026-05-08 17:22:40.339: [INFO][SyncManagerImpl::ConfigureSyncer] Types to download: Encryption Keys with reason: 3
2026-05-08 17:22:40.339: [INFO][SyncEngineBackend::DoUpdateKeyDataCredentials] Update key data credentials
2026-05-08 17:22:40.339: [INFO][SyncSchedulerImpl::DoConfigurationSyncCycleJob] Configure job was blocked
2026-05-08 17:22:40.345: [INFO][SyncAuthManager::SetLastAuthError] Current auth error: None
2026-05-08 17:22:40.345: [INFO][SyncAuthManager::EdgeLogTokenErrorState] Token error with: None for account type: MSA
2026-05-08 17:22:40.345: [INFO][Sync] Credentials changed for: EdgeSyncScopeNew
2026-05-08 17:22:40.345: [INFO][SyncEngineBackend::DoUpdateCredentials] Update credentials
2026-05-08 17:22:40.345: [INFO][SyncEngineBackend::DoUpdateKeyDataCredentials] Update key data credentials
2026-05-08 17:22:40.345: [INFO][SyncSchedulerImpl::DoConfigurationSyncCycleJob] Blocked types:  and types to download: Encryption Keys
2026-05-08 17:22:41.184: [INFO][Sync] Started DataTypeManager configuration, reason: 4
2026-05-08 17:22:41.184: [INFO][Sync] Configuring for: Bookmarks, Preferences, Passwords, Autofill Profiles, Autofill, Extensions, Sessions, Extension settings, History Delete Directives, Device Info, User Consents, Send Tab To Self, Web Apps, History, Saved Tab Group, WebAuthn Credentials, Collection, Edge E Drop, Edge Hub App Usage, Edge Wallet, Edge Workspace, Encryption Keys, reason: 4, current state: 0
2026-05-08 17:22:41.184: [WARN][Sync] Crypto error data types: Passwords, Autofill Profiles, Autofill
2026-05-08 17:22:41.187: [INFO][Sync] Configure, desired: Bookmarks, Preferences, Extensions, Sessions, Extension settings, History Delete Directives, Device Info, User Consents, Send Tab To Self, Web Apps, History, Saved Tab Group, WebAuthn Credentials, Collection, Edge E Drop, Edge Hub App Usage, Edge Wallet, Edge Workspace, Encryption Keys; Allow fail: Passwords, Autofill Profiles, Autofill
2026-05-08 17:22:41.187: [INFO][Sync] Loading: Bookmarks
2026-05-08 17:22:41.187: [INFO][Sync] Loading: Preferences
2026-05-08 17:22:41.187: [INFO][Sync] Loading: Extensions
2026-05-08 17:22:41.187: [INFO][Sync] Loading: Sessions
2026-05-08 17:22:41.187: [INFO][Sync] Loading: Extension settings
2026-05-08 17:22:41.187: [INFO][Sync] Loading: History Delete Directives
2026-05-08 17:22:41.187: [INFO][Sync] Loading: Device Info
2026-05-08 17:22:41.187: [INFO][Sync] Loading: User Consents
2026-05-08 17:22:41.187: [INFO][Sync] Loading: Send Tab To Self
2026-05-08 17:22:41.187: [INFO][Sync] Loading: Web Apps
2026-05-08 17:22:41.187: [INFO][Sync] Loading: History
2026-05-08 17:22:41.187: [INFO][Sync] Loading: Saved Tab Group
2026-05-08 17:22:41.187: [INFO][Sync] Loading: WebAuthn Credentials
2026-05-08 17:22:41.187: [INFO][Sync] Loading: Collection
2026-05-08 17:22:41.187: [INFO][Sync] Loading: Edge E Drop
2026-05-08 17:22:41.187: [INFO][Sync] Loading: Edge Hub App Usage
2026-05-08 17:22:41.187: [INFO][Sync] Loading: Edge Wallet
2026-05-08 17:22:41.187: [INFO][Sync] Loading: Edge Workspace
2026-05-08 17:22:41.195: [INFO][Sync] All data types are ready for configure.
2026-05-08 17:22:41.899: [INFO][Sync] Started DataTypeManager configuration, reason: 5
2026-05-08 17:22:41.899: [INFO][Sync] Configuring for: Bookmarks, Preferences, Passwords, Autofill Profiles, Autofill, Extensions, Sessions, Extension settings, History Delete Directives, Device Info, User Consents, Send Tab To Self, Web Apps, History, Saved Tab Group, WebAuthn Credentials, Collection, Edge E Drop, Edge Hub App Usage, Edge Wallet, Edge Workspace, Encryption Keys, reason: 5, current state: 1
2026-05-08 17:22:41.902: [INFO][SyncEngineBackend::DoStartConfiguration] Start configuration
2026-05-08 17:22:41.902: [INFO][SyncManagerImpl::ConfigureSyncer] Types to download:  with reason: 4
2026-05-08 17:22:41.902: [INFO][SyncEngineBackend::DoFinishConfigureDataTypes] Failed to download types:  and succeeded types: 
2026-05-08 17:22:41.907: [INFO][Sync] ConfigurationDone, failed: , succeeded: , remaining count: 4
2026-05-08 17:22:41.907: [WARN][Sync]     Reconfigure requested while configuration ongoing.
2026-05-08 17:22:41.907: [INFO][Sync] Configuring for: Bookmarks, Preferences, Passwords, Autofill Profiles, Autofill, Extensions, Sessions, Extension settings, History Delete Directives, Device Info, User Consents, Send Tab To Self, Web Apps, History, Saved Tab Group, WebAuthn Credentials, Collection, Edge E Drop, Edge Hub App Usage, Edge Wallet, Edge Workspace, Encryption Keys, reason: 5, current state: 2
2026-05-08 17:22:41.907: [INFO][Sync] Configure, desired: Bookmarks, Preferences, Passwords, Autofill Profiles, Autofill, Extensions, Sessions, Extension settings, History Delete Directives, Device Info, User Consents, Send Tab To Self, Web Apps, History, Saved Tab Group, WebAuthn Credentials, Collection, Edge E Drop, Edge Hub App Usage, Edge Wallet, Edge Workspace, Encryption Keys; Allow fail: 
2026-05-08 17:22:41.907: [INFO][Sync] Loading: Passwords
2026-05-08 17:22:41.907: [INFO][Sync] Loading: Autofill Profiles
2026-05-08 17:22:41.907: [INFO][Sync] Loading: Autofill
2026-05-08 17:22:41.907: [INFO][Sync] All data types are ready for configure.
2026-05-08 17:22:41.908: [INFO][SyncManagerImpl::NudgeForInitialDownload] Initial download nudge for Passwords
2026-05-08 17:22:41.908: [INFO][SyncManagerImpl::ConfigureSyncer] Types to download:  with reason: 5
2026-05-08 17:22:41.908: [INFO][SyncEngineBackend::DoFinishConfigureDataTypes] Failed to download types:  and succeeded types: 
2026-05-08 17:22:41.908: [INFO][Sync] ConfigurationDone, failed: , succeeded: , remaining count: 4
2026-05-08 17:22:41.908: [INFO][Sync] Prepare to configure types: Passwords, Encryption Keys
2026-05-08 17:22:41.908: [INFO][SyncManagerImpl::ConfigureSyncer] Types to download: Passwords, Encryption Keys with reason: 5
2026-05-08 17:22:41.908: [INFO][SyncSchedulerImpl::DoConfigurationSyncCycleJob] Blocked types:  and types to download: Passwords, Encryption Keys
2026-05-08 17:22:42.746: [INFO][SyncEngineBackend::DoFinishConfigureDataTypes] Failed to download types:  and succeeded types: Passwords, Encryption Keys
2026-05-08 17:22:42.750: [INFO][Sync] ConfigurationDone, failed: , succeeded: Passwords, Encryption Keys, remaining count: 3
2026-05-08 17:22:42.750: [INFO][SyncManagerImpl::ConfigureSyncer] Types to download:  with reason: 5
2026-05-08 17:22:42.750: [INFO][SyncEngineBackend::DoFinishConfigureDataTypes] Failed to download types:  and succeeded types: 
2026-05-08 17:22:42.750: [INFO][Sync] ConfigurationDone, failed: , succeeded: , remaining count: 2
2026-05-08 17:22:42.750: [INFO][SyncManagerImpl::ConfigureSyncer] Types to download:  with reason: 5
2026-05-08 17:22:42.750: [INFO][SyncEngineBackend::DoFinishConfigureDataTypes] Failed to download types:  and succeeded types: 
2026-05-08 17:22:42.753: [INFO][Sync] ConfigurationDone, failed: , succeeded: , remaining count: 1
2026-05-08 17:22:42.758: [INFO][SyncManagerImpl::ConfigureSyncer] Types to download:  with reason: 5
2026-05-08 17:22:42.758: [INFO][SyncEngineBackend::DoFinishConfigureDataTypes] Failed to download types:  and succeeded types: 
2026-05-08 17:22:42.759: [INFO][Sync] ConfigurationDone, failed: , succeeded: , remaining count: 0
2026-05-08 17:22:42.762: [INFO][Sync]     Configuration completed, state: 7
2026-05-08 17:22:42.762: [INFO][Sync] Configured DataTypeManager: Ok
2026-05-08 17:22:42.766: [INFO][SyncEngineBackend::DoStartSyncing] Start syncing
2026-05-08 17:25:12.669: [INFO][Sync] Reset engine, reason: 0
2026-05-08 17:25:12.669: [INFO][Sync] Reset engine with reason: 0
